---
source: tests/comments.rs
expression: ast
---
{
  "treeType": "empty"
}
