---
source: tests/document_fragment.rs
expression: ast
---
{
  "treeType": "documentFragment",
  "nodes": [
    {
      "name": "div",
      "variant": "void"
    }
  ]
}
