---
source: tests/document.rs
expression: ast
---
{
  "treeType": "document",
  "nodes": [
    {
      "name": "html",
      "variant": "normal"
    }
  ]
}
