---
source: tests/document_empty.rs
expression: ast
---
{
  "treeType": "empty"
}
