---
source: tests/document_fragment.rs
expression: ast
---
{
  "treeType": "documentFragment",
  "nodes": [
    "hello"
  ]
}
