---
source: tests/element.rs
expression: ast
---
{
  "treeType": "documentFragment",
  "nodes": [
    {
      "name": "div",
      "variant": "void"
    },
    {
      "name": "div",
      "variant": "void"
    }
  ]
}
