---
source: tests/element.rs
expression: ast
---
{
  "treeType": "documentFragment",
  "nodes": [
    {
      "id": "123",
      "name": "div",
      "variant": "normal"
    },
    {
      "id": "321",
      "name": "div",
      "variant": "normal"
    }
  ]
}
