---
source: tests/element.rs
expression: ast
---
{
  "treeType": "documentFragment",
  "nodes": [
    {
      "name": "div",
      "variant": "normal",
      "nodes": [
        {
          "name": "div",
          "variant": "void"
        }
      ]
    }
  ]
}
