---
source: tests/element_attributes.rs
expression: ast
---
{
  "treeType": "documentFragment",
  "nodes": [
    {
      "name": "img",
      "variant": "void",
      "attributes": {
        "hidden": null
      }
    }
  ]
}
