---
source: tests/element_attributes.rs
expression: ast
---
{
  "treeType": "documentFragment",
  "nodes": [
    {
      "id": "a",
      "name": "img",
      "variant": "void"
    }
  ]
}
