---
source: tests/element.rs
expression: ast
---
{
  "treeType": "document",
  "nodes": [
    {
      "name": "HTML",
      "variant": "normal"
    }
  ]
}
