---
source: tests/element_attributes.rs
expression: ast
---
{
  "treeType": "documentFragment",
  "nodes": [
    {
      "name": "div",
      "variant": "normal",
      "attributes": {
        "data-cat": "morris"
      }
    }
  ]
}
