---
source: tests/element_attributes.rs
expression: ast
---
{
  "treeType": "documentFragment",
  "nodes": [
    {
      "id": "one",
      "name": "div",
      "variant": "normal"
    }
  ]
}
