---
source: tests/element.rs
expression: ast
---
{
  "treeType": "documentFragment",
  "nodes": [
    {
      "name": "Header1",
      "variant": "normal"
    }
  ]
}
