---
source: tests/svg.rs
expression: ast
---
{
  "treeType": "documentFragment",
  "nodes": [
    {
      "name": "svg",
      "variant": "normal",
      "attributes": {
        "xmlns": "http://www.w3.org/2000/svg",
        "xmlns:xlink": "http://www.w3.org/1999/xlink"
      },
      "nodes": [
        {
          "name": "rect",
          "variant": "void",
          "attributes": {
            "height": "100",
            "style": "stroke:#ff0000; fill: #0000ff",
            "width": "100",
            "x": "10",
            "y": "10"
          }
        }
      ]
    }
  ]
}
