---
source: tests/text.rs
expression: ast
---
{
  "treeType": "documentFragment",
  "nodes": [
    "hello world\nhere's another line for you!",
    {
      "name": "div",
      "variant": "void"
    },
    "The end"
  ]
}
