---
source: tests/text.rs
expression: ast
---
{
  "treeType": "documentFragment",
  "nodes": [
    "hello world\nhere's another line for you!\nThe end"
  ]
}
