---
source: tests/text.rs
expression: ast
---
{
  "treeType": "documentFragment",
  "nodes": [
    "hello world"
  ]
}
